----- BASELINE RESPONSE -----
**Line Loading**: The maximum line loading is only 4.5%, indicating that the network is not heavily loaded under normal conditions. This suggests that the system is operating well within its thermal limits during normal operations.
**Bus Voltages**: The bus voltage range is between 0.9430 pu and 1.0500 pu, which is generally acceptable, indicating no significant voltage violations under normal conditions.

----- AGENTIC RESPONSE -----
**Reactive Power Deficit**: A significant reactive power deficit of 312.4 Mvar was identified, leading to potential voltage stability issues.
**Generator Reactive Limits**: Six generators are operating at their reactive power limits, indicating insufficient reactive support.
